  one block fit takes 7.6 s; 200 permutations will take about 76 min
    perm  10/200  max 0.5607
    perm  20/200  max 0.5784
    perm  30/200  max 0.5496
    perm  40/200  max 0.5393
    perm  50/200  max 0.5828
    perm  60/200  max 0.5311
    perm  70/200  max 0.5843
    perm  80/200  max 0.5929
    perm  90/200  max 0.5525
    perm 100/200  max 0.4925
    perm 110/200  max 0.5521
    perm 120/200  max 0.5737
    perm 130/200  max 0.4898
    perm 140/200  max 0.5096
    perm 150/200  max 0.5811
    perm 160/200  max 0.5298
    perm 170/200  max 0.5967
    perm 180/200  max 0.5681
    perm 190/200  max 0.4969
    perm 200/200  max 0.5002
  bar as_preregistered                 0.7034   0.7212 CLEARS
  bar gaussian_with_the_null_sigma     0.8087   0.7212 FAILS
  bar empirical_max_q95                0.7716   0.7212 FAILS
  encoder titan                  slide 0.6596  ModRank 0.7225
  encoder gigassl_ctranspath     slide 0.5807  ModRank 0.6869
  encoder gigassl_gigapath       slide 0.6004  ModRank 0.6967
  encoder gigassl_optimus        slide 0.5802  ModRank 0.6907
  encoder gigassl_phikon         slide 0.5328  ModRank 0.6740
  encoder provgigapath           slide 0.6051  ModRank 0.6986
  encoder uni_meanpool           slide 0.5224  ModRank 0.6704
  slide-arm span 0.1372  ->  full-method span 0.0521  (5 of 7 encoders still beat 0.679)
  wrote experiments/20260818-selection-null/results/selection-null.json
