  blca      re-partition  8/24  [59 s]
  blca      re-partition 16/24  [110 s]
  blca      re-partition 24/24  [161 s]
blca      n= 359 ev=113 | margin +0.0774 | floor 0.0117 bar 0.0233 | clears True | 24/24 partitions positive  [161 s]
  brca      re-partition  8/24  [254 s]
  brca      re-partition 16/24  [335 s]
  brca      re-partition 24/24  [417 s]
brca      n= 871 ev= 60 | margin +0.1206 | floor 0.0237 bar 0.0473 | clears True | 24/24 partitions positive  [417 s]
  coadread  re-partition  8/24  [446 s]
  coadread  re-partition 16/24  [472 s]
  coadread  re-partition 24/24  [497 s]
coadread  n= 298 ev= 37 | margin +0.0243 | floor 0.0135 bar 0.0270 | clears False | 24/24 partitions positive  [497 s]
  hnsc      re-partition  8/24  [559 s]
  hnsc      re-partition 16/24  [612 s]
  hnsc      re-partition 24/24  [666 s]
hnsc      n= 394 ev=117 | margin +0.0729 | floor 0.0132 bar 0.0263 | clears True | 24/24 partitions positive  [666 s]
  stad      re-partition  8/24  [713 s]
  stad      re-partition 16/24  [755 s]
  stad      re-partition 24/24  [796 s]
stad      n= 319 ev= 84 | margin +0.0491 | floor 0.0162 bar 0.0323 | clears True | 24/24 partitions positive  [796 s]
wrote experiments/20260912-five-cohort-floors/results/five-cohort-floors.json
